Archive member included because of file (symbol)

c:/winavr-20100110/bin/../lib/gcc/avr/4.3.3/avr5\libgcc.a(_udivmodsi4.o)
                              obj/timer0.o (__udivmodsi4)
c:/winavr-20100110/bin/../lib/gcc/avr/4.3.3/avr5\libgcc.a(_exit.o)
                              c:/winavr-20100110/bin/../lib/gcc/avr/4.3.3/../../../../avr/lib/avr5/crtm328p.o (exit)
c:/winavr-20100110/bin/../lib/gcc/avr/4.3.3/avr5\libgcc.a(_copy_data.o)
                              obj/hardware.o (__do_copy_data)
c:/winavr-20100110/bin/../lib/gcc/avr/4.3.3/avr5\libgcc.a(_clear_bss.o)
                              obj/main.o (__do_clear_bss)
c:/winavr-20100110/bin/../lib/gcc/avr/4.3.3/../../../../avr/lib/avr5\libc.a(memcpy.o)
                              obj/test.o (memcpy)
c:/winavr-20100110/bin/../lib/gcc/avr/4.3.3/../../../../avr/lib/avr5\libc.a(memset.o)
                              obj/tasks.o (memset)
c:/winavr-20100110/bin/../lib/gcc/avr/4.3.3/../../../../avr/lib/avr5\libc.a(strncpy.o)
                              obj/test.o (strncpy)
c:/winavr-20100110/bin/../lib/gcc/avr/4.3.3/../../../../avr/lib/avr5\libc.a(itoa.o)
                              obj/test.o (itoa)
c:/winavr-20100110/bin/../lib/gcc/avr/4.3.3/../../../../avr/lib/avr5\libc.a(strrev.o)
                              c:/winavr-20100110/bin/../lib/gcc/avr/4.3.3/../../../../avr/lib/avr5\libc.a(itoa.o) (strrev)
c:/winavr-20100110/bin/../lib/gcc/avr/4.3.3/avr5\libgcc.a(_udivmodhi4.o)
                              c:/winavr-20100110/bin/../lib/gcc/avr/4.3.3/../../../../avr/lib/avr5\libc.a(itoa.o) (__udivmodhi4)

Memory Configuration

Name             Origin             Length             Attributes
text             0x00000000         0x00020000         xr
data             0x00800060         0x0000ffa0         rw !x
eeprom           0x00810000         0x00010000         rw !x
fuse             0x00820000         0x00000400         rw !x
lock             0x00830000         0x00000400         rw !x
signature        0x00840000         0x00000400         rw !x
*default*        0x00000000         0xffffffff

Linker script and memory map

Address of section .data set to 0x800100
LOAD c:/winavr-20100110/bin/../lib/gcc/avr/4.3.3/../../../../avr/lib/avr5/crtm328p.o
LOAD c:/winavr-20100110/bin/../lib/gcc/avr/4.3.3/../../../../avr/lib/avr5\libm.a
LOAD obj/clock.o
LOAD obj/digitalIO.o
LOAD obj/hardware.o
LOAD obj/main.o
LOAD obj/ports.o
LOAD obj/power.o
LOAD obj/system.o
LOAD obj/test.o
LOAD obj/timer0.o
LOAD obj/timer1.o
LOAD obj/uart.o
LOAD obj/version.o
LOAD obj/watchdog.o
LOAD obj/tasks.o
LOAD obj/queue.o
LOAD obj/list.o
LOAD obj/port.o
LOAD c:/winavr-20100110/bin/../lib/gcc/avr/4.3.3/avr5\libgcc.a
LOAD c:/winavr-20100110/bin/../lib/gcc/avr/4.3.3/../../../../avr/lib/avr5\libc.a
LOAD c:/winavr-20100110/bin/../lib/gcc/avr/4.3.3/avr5\libgcc.a

.hash
 *(.hash)

.dynsym
 *(.dynsym)

.dynstr
 *(.dynstr)

.gnu.version
 *(.gnu.version)

.gnu.version_d
 *(.gnu.version_d)

.gnu.version_r
 *(.gnu.version_r)

.rel.init
 *(.rel.init)

.rela.init
 *(.rela.init)

.rel.text
 *(.rel.text)
 *(.rel.text.*)
 *(.rel.gnu.linkonce.t*)

.rela.text
 *(.rela.text)
 *(.rela.text.*)
 *(.rela.gnu.linkonce.t*)

.rel.fini
 *(.rel.fini)

.rela.fini
 *(.rela.fini)

.rel.rodata
 *(.rel.rodata)
 *(.rel.rodata.*)
 *(.rel.gnu.linkonce.r*)

.rela.rodata
 *(.rela.rodata)
 *(.rela.rodata.*)
 *(.rela.gnu.linkonce.r*)

.rel.data
 *(.rel.data)
 *(.rel.data.*)
 *(.rel.gnu.linkonce.d*)

.rela.data
 *(.rela.data)
 *(.rela.data.*)
 *(.rela.gnu.linkonce.d*)

.rel.ctors
 *(.rel.ctors)

.rela.ctors
 *(.rela.ctors)

.rel.dtors
 *(.rel.dtors)

.rela.dtors
 *(.rela.dtors)

.rel.got
 *(.rel.got)

.rela.got
 *(.rela.got)

.rel.bss
 *(.rel.bss)

.rela.bss
 *(.rela.bss)

.rel.plt
 *(.rel.plt)

.rela.plt
 *(.rela.plt)

.text           0x00000000     0x470a
 *(.vectors)
 .vectors       0x00000000       0x68 c:/winavr-20100110/bin/../lib/gcc/avr/4.3.3/../../../../avr/lib/avr5/crtm328p.o
                0x00000000                __vectors
 *(.vectors)
 *(.progmem.gcc*)
 *(.progmem*)
 .progmem.data  0x00000068       0x12 obj/version.o
                0x00000068                versionAPP
                0x00000071                versionRTOS
                0x0000007a                . = ALIGN (0x2)
                0x0000007a                __trampolines_start = .
 *(.trampolines)
 .trampolines   0x0000007a        0x0 linker stubs
 *(.trampolines*)
                0x0000007a                __trampolines_end = .
 *(.jumptables)
 *(.jumptables*)
 *(.lowtext)
 *(.lowtext*)
                0x0000007a                __ctors_start = .
 *(.ctors)
                0x0000007a                __ctors_end = .
                0x0000007a                __dtors_start = .
 *(.dtors)
                0x0000007a                __dtors_end = .
 SORT(*)(.ctors)
 SORT(*)(.dtors)
 *(.init0)
 .init0         0x0000007a        0x0 c:/winavr-20100110/bin/../lib/gcc/avr/4.3.3/../../../../avr/lib/avr5/crtm328p.o
                0x0000007a                __init
 *(.init0)
 *(.init1)
 *(.init1)
 *(.init2)
 .init2         0x0000007a        0xc c:/winavr-20100110/bin/../lib/gcc/avr/4.3.3/../../../../avr/lib/avr5/crtm328p.o
 *(.init2)
 *(.init3)
 *(.init3)
 *(.init4)
 .init4         0x00000086       0x16 c:/winavr-20100110/bin/../lib/gcc/avr/4.3.3/avr5\libgcc.a(_copy_data.o)
                0x00000086                __do_copy_data
 .init4         0x0000009c       0x10 c:/winavr-20100110/bin/../lib/gcc/avr/4.3.3/avr5\libgcc.a(_clear_bss.o)
                0x0000009c                __do_clear_bss
 *(.init4)
 *(.init5)
 *(.init5)
 *(.init6)
 *(.init6)
 *(.init7)
 *(.init7)
 *(.init8)
 *(.init8)
 *(.init9)
 .init9         0x000000ac        0x8 c:/winavr-20100110/bin/../lib/gcc/avr/4.3.3/../../../../avr/lib/avr5/crtm328p.o
 *(.init9)
 *(.text)
 .text          0x000000b4        0x4 c:/winavr-20100110/bin/../lib/gcc/avr/4.3.3/../../../../avr/lib/avr5/crtm328p.o
                0x000000b4                __vector_22
                0x000000b4                __vector_1
                0x000000b4                __vector_24
                0x000000b4                __vector_12
                0x000000b4                __bad_interrupt
                0x000000b4                __vector_3
                0x000000b4                __vector_23
                0x000000b4                __vector_25
                0x000000b4                __vector_11
                0x000000b4                __vector_13
                0x000000b4                __vector_17
                0x000000b4                __vector_19
                0x000000b4                __vector_7
                0x000000b4                __vector_5
                0x000000b4                __vector_4
                0x000000b4                __vector_9
                0x000000b4                __vector_2
                0x000000b4                __vector_21
                0x000000b4                __vector_15
                0x000000b4                __vector_8
                0x000000b4                __vector_10
                0x000000b4                __vector_16
                0x000000b4                __vector_20
 .text          0x000000b8        0xe obj/clock.o
                0x000000b8                clockInit
 .text          0x000000c6       0x42 obj/digitalIO.o
                0x000000d8                dioToggleLED0
                0x000000e8                dioSetLED0
                0x000000c6                digitalIOInit
                0x000000f8                dioClearLED0
 .text          0x00000108        0x0 obj/hardware.o
 .text          0x00000108       0xfc obj/main.o
                0x0000017c                vApplicationGetTimerTaskMemory
                0x00000124                vApplicationGetIdleTaskMemory
                0x000001d4                vApplicationStackOverflowHook
                0x00000108                main
                0x000001f6                vApplicationIdleHook
 .text          0x00000204       0x5a obj/ports.o
                0x0000024e                portClearPB1
                0x00000204                portsInit
                0x0000022e                portTogglePB1
                0x0000023e                portSetPB1
 .text          0x0000025e        0xe obj/power.o
                0x0000025e                powerInit
 .text          0x0000026c       0xb6 obj/system.o
                0x0000029a                systemExecution
                0x000002b0                __vector_default
                0x0000026c                systemInit
 .text          0x00000322      0x3a2 obj/test.o
                0x00000322                testInit
                0x0000037a                testOsTask
                0x000003b0                testPeriodicTask
 .text          0x000006c4      0x116 obj/timer0.o
                0x00000706                timer0SetHz
                0x000006c4                timer0Init
 .text          0x000007da      0x180 obj/timer1.o
                0x00000892                timer1MeasureTime2Start
                0x00000808                timer1MeasureTimeElapsed
                0x000007da                timer1Init
                0x00000902                timer1MeasureTime2Elapsed_uS
                0x000008b0                timer1MeasureTime2Elapsed
 .text          0x0000095a      0x4ac obj/uart.o
                0x00000b8c                uartRxRead
                0x0000095a                uartInit
                0x000009fc                uartPeriodicTask
                0x000009d4                uartOsTask
                0x00000ca8                uartTxWrite
                0x00000ae8                __vector_18
 .text          0x00000e06        0x0 obj/version.o
 .text          0x00000e06      0x106 obj/watchdog.o
                0x00000e06                watchdogInit
                0x00000ed0                watchdogStatusGet
                0x00000e7c                watchdogOsTask
                0x00000ee2                __vector_6
                0x00000ea4                watchdogPeriodicTask
 .text          0x00000f0c     0x2188 obj/tasks.o
                0x00001ae4                vTaskPlaceOnUnorderedEventList
                0x00001356                xTaskDelayUntil
                0x00002ec4                ulTaskGenericNotifyValueClear
                0x0000172c                pcTaskGetName
                0x00001d10                vTaskInternalSetTimeOutState
                0x00001556                vTaskEndScheduler
                0x00001aa0                vTaskPlaceOnEventList
                0x00001c1a                vTaskRemoveFromUnorderedEventList
                0x00001f7c                uxTaskGetStackHighWaterMark
                0x0000242c                ulTaskGenericNotifyTake
                0x000016c2                xTaskGetTickCount
                0x00002cd0                vTaskGenericNotifyGiveFromISR
                0x000021a0                xTaskPriorityDisinherit
                0x00001b44                xTaskRemoveFromEventList
                0x00001272                vTaskDelete
                0x000023fc                pvTaskIncrementMutexHeldCount
                0x00001d42                xTaskCheckForTimeOut
                0x00002064                xTaskPriorityInherit
                0x00002598                xTaskGenericNotifyWait
                0x0000156e                vTaskSuspendAll
                0x000016f0                xTaskGetTickCountFromISR
                0x00000f0c                xTaskCreateStatic
                0x0000198e                vTaskSwitchContext
                0x0000177c                xTaskCatchUpTicks
                0x0000171a                uxTaskGetNumberOfTasks
                0x00002786                xTaskGenericNotify
                0x00002040                xTaskGetCurrentTaskHandle
                0x00002a10                xTaskGenericNotifyFromISR
                0x00001586                xTaskResumeAll
                0x00001480                vTaskStartScheduler
                0x00001e10                vTaskMissedYield
                0x000017bc                xTaskIncrementTick
                0x00002e32                xTaskGenericNotifyStateClear
                0x0000143c                vTaskDelay
                0x00002284                vTaskPriorityDisinheritAfterTimeout
                0x00001cd4                vTaskSetTimeOutState
                0x000023ae                uxTaskResetEventItemValue
 .text          0x00003094      0xf74 obj/queue.o
                0x00003474                xQueueGenericSendFromISR
                0x00003ae0                xQueuePeekFromISR
                0x000032c4                xQueueCreateMutexStatic
                0x00003724                xQueueSemaphoreTake
                0x000035ce                xQueueReceive
                0x00003c00                vQueueDelete
                0x0000331c                xQueueGenericSend
                0x000038ce                xQueuePeek
                0x000031a0                xQueueGenericCreateStatic
                0x00003a32                xQueueReceiveFromISR
                0x00003b82                uxQueueSpacesAvailable
                0x00003fc4                xQueueIsQueueFullFromISR
                0x00003b52                uxQueueMessagesWaiting
                0x00003094                xQueueGenericReset
                0x00003bcc                uxQueueMessagesWaitingFromISR
                0x00003f46                xQueueIsQueueEmptyFromISR
                0x0000352c                xQueueGiveFromISR
 .text          0x00004008      0x26c obj/list.o
                0x0000407c                vListInsertEnd
                0x0000405c                vListInitialiseItem
                0x00004008                vListInitialise
                0x000041dc                uxListRemove
                0x00004104                vListInsert
 .text          0x00004274      0x386 obj/port.o
                0x0000434c                xPortStartScheduler
                0x00004528                vPortYieldFromTick
                0x000043b6                vPortEndScheduler
                0x000043c4                vPortYield
                0x00004476                vPortYieldFromISR
                0x000045f4                __vector_14
                0x00004274                pxPortInitialiseStack
 .text          0x000045fa        0x0 c:/winavr-20100110/bin/../lib/gcc/avr/4.3.3/avr5\libgcc.a(_udivmodsi4.o)
 .text          0x000045fa        0x0 c:/winavr-20100110/bin/../lib/gcc/avr/4.3.3/avr5\libgcc.a(_exit.o)
 .text          0x000045fa        0x0 c:/winavr-20100110/bin/../lib/gcc/avr/4.3.3/avr5\libgcc.a(_copy_data.o)
 .text          0x000045fa        0x0 c:/winavr-20100110/bin/../lib/gcc/avr/4.3.3/avr5\libgcc.a(_clear_bss.o)
 .text          0x000045fa        0x0 c:/winavr-20100110/bin/../lib/gcc/avr/4.3.3/../../../../avr/lib/avr5\libc.a(memcpy.o)
 .text          0x000045fa        0x0 c:/winavr-20100110/bin/../lib/gcc/avr/4.3.3/../../../../avr/lib/avr5\libc.a(memset.o)
 .text          0x000045fa        0x0 c:/winavr-20100110/bin/../lib/gcc/avr/4.3.3/../../../../avr/lib/avr5\libc.a(strncpy.o)
 .text          0x000045fa        0x0 c:/winavr-20100110/bin/../lib/gcc/avr/4.3.3/../../../../avr/lib/avr5\libc.a(itoa.o)
 .text          0x000045fa        0x0 c:/winavr-20100110/bin/../lib/gcc/avr/4.3.3/../../../../avr/lib/avr5\libc.a(strrev.o)
 .text          0x000045fa        0x0 c:/winavr-20100110/bin/../lib/gcc/avr/4.3.3/avr5\libgcc.a(_udivmodhi4.o)
                0x000045fa                . = ALIGN (0x2)
 *(.text.*)
 .text.libgcc   0x000045fa       0x44 c:/winavr-20100110/bin/../lib/gcc/avr/4.3.3/avr5\libgcc.a(_udivmodsi4.o)
                0x000045fa                __udivmodsi4
 .text.libgcc   0x0000463e        0x0 c:/winavr-20100110/bin/../lib/gcc/avr/4.3.3/avr5\libgcc.a(_exit.o)
 .text.libgcc   0x0000463e        0x0 c:/winavr-20100110/bin/../lib/gcc/avr/4.3.3/avr5\libgcc.a(_copy_data.o)
 .text.libgcc   0x0000463e        0x0 c:/winavr-20100110/bin/../lib/gcc/avr/4.3.3/avr5\libgcc.a(_clear_bss.o)
 .text.avr-libc
                0x0000463e       0x12 c:/winavr-20100110/bin/../lib/gcc/avr/4.3.3/../../../../avr/lib/avr5\libc.a(memcpy.o)
                0x0000463e                memcpy
 .text.avr-libc
                0x00004650        0xe c:/winavr-20100110/bin/../lib/gcc/avr/4.3.3/../../../../avr/lib/avr5\libc.a(memset.o)
                0x00004650                memset
 .text.avr-libc
                0x0000465e       0x1e c:/winavr-20100110/bin/../lib/gcc/avr/4.3.3/../../../../avr/lib/avr5\libc.a(strncpy.o)
                0x0000465e                strncpy
 .text.avr-libc
                0x0000467c       0x42 c:/winavr-20100110/bin/../lib/gcc/avr/4.3.3/../../../../avr/lib/avr5\libc.a(itoa.o)
                0x0000467c                itoa
 .text.avr-libc
                0x000046be       0x20 c:/winavr-20100110/bin/../lib/gcc/avr/4.3.3/../../../../avr/lib/avr5\libc.a(strrev.o)
                0x000046be                strrev
 .text.libgcc   0x000046de       0x28 c:/winavr-20100110/bin/../lib/gcc/avr/4.3.3/avr5\libgcc.a(_udivmodhi4.o)
                0x000046de                __udivmodhi4
                0x00004706                . = ALIGN (0x2)
 *(.fini9)
 .fini9         0x00004706        0x0 c:/winavr-20100110/bin/../lib/gcc/avr/4.3.3/avr5\libgcc.a(_exit.o)
                0x00004706                exit
                0x00004706                _exit
 *(.fini9)
 *(.fini8)
 *(.fini8)
 *(.fini7)
 *(.fini7)
 *(.fini6)
 *(.fini6)
 *(.fini5)
 *(.fini5)
 *(.fini4)
 *(.fini4)
 *(.fini3)
 *(.fini3)
 *(.fini2)
 *(.fini2)
 *(.fini1)
 *(.fini1)
 *(.fini0)
 .fini0         0x00004706        0x4 c:/winavr-20100110/bin/../lib/gcc/avr/4.3.3/avr5\libgcc.a(_exit.o)
 *(.fini0)
                0x0000470a                _etext = .

.data           0x00800100       0x6c load address 0x0000470a
                0x00800100                PROVIDE (__data_start, .)
 *(.data)
 .data          0x00800100        0x0 c:/winavr-20100110/bin/../lib/gcc/avr/4.3.3/../../../../avr/lib/avr5/crtm328p.o
 .data          0x00800100        0x0 obj/clock.o
 .data          0x00800100        0x0 obj/digitalIO.o
 .data          0x00800100       0x21 obj/hardware.o
                0x00800100                pinport
 .data          0x00800121        0x0 obj/main.o
 .data          0x00800121        0x0 obj/ports.o
 .data          0x00800121        0x0 obj/power.o
 .data          0x00800121        0x0 obj/system.o
 .data          0x00800121       0x2d obj/test.o
 .data          0x0080014e        0xc obj/timer0.o
 .data          0x0080015a        0x0 obj/timer1.o
 .data          0x0080015a        0x5 obj/uart.o
 .data          0x0080015f        0x0 obj/version.o
 .data          0x0080015f        0x6 obj/watchdog.o
 .data          0x00800165        0x6 obj/tasks.o
                0x00800165                uxTopUsedPriority
 .data          0x0080016b        0x0 obj/queue.o
 .data          0x0080016b        0x0 obj/list.o
 .data          0x0080016b        0x0 obj/port.o
 .data          0x0080016b        0x0 c:/winavr-20100110/bin/../lib/gcc/avr/4.3.3/avr5\libgcc.a(_udivmodsi4.o)
 .data          0x0080016b        0x0 c:/winavr-20100110/bin/../lib/gcc/avr/4.3.3/avr5\libgcc.a(_exit.o)
 .data          0x0080016b        0x0 c:/winavr-20100110/bin/../lib/gcc/avr/4.3.3/avr5\libgcc.a(_copy_data.o)
 .data          0x0080016b        0x0 c:/winavr-20100110/bin/../lib/gcc/avr/4.3.3/avr5\libgcc.a(_clear_bss.o)
 .data          0x0080016b        0x0 c:/winavr-20100110/bin/../lib/gcc/avr/4.3.3/../../../../avr/lib/avr5\libc.a(memcpy.o)
 .data          0x0080016b        0x0 c:/winavr-20100110/bin/../lib/gcc/avr/4.3.3/../../../../avr/lib/avr5\libc.a(memset.o)
 .data          0x0080016b        0x0 c:/winavr-20100110/bin/../lib/gcc/avr/4.3.3/../../../../avr/lib/avr5\libc.a(strncpy.o)
 .data          0x0080016b        0x0 c:/winavr-20100110/bin/../lib/gcc/avr/4.3.3/../../../../avr/lib/avr5\libc.a(itoa.o)
 .data          0x0080016b        0x0 c:/winavr-20100110/bin/../lib/gcc/avr/4.3.3/../../../../avr/lib/avr5\libc.a(strrev.o)
 .data          0x0080016b        0x0 c:/winavr-20100110/bin/../lib/gcc/avr/4.3.3/avr5\libgcc.a(_udivmodhi4.o)
 *(.data*)
 *(.rodata)
 *(.rodata*)
 *(.gnu.linkonce.d*)
                0x0080016c                . = ALIGN (0x2)
 *fill*         0x0080016b        0x1 00
                0x0080016c                _edata = .
                0x0080016c                PROVIDE (__data_end, .)

.bss            0x0080016c      0x297
                0x0080016c                PROVIDE (__bss_start, .)
 *(.bss)
 .bss           0x0080016c        0x0 c:/winavr-20100110/bin/../lib/gcc/avr/4.3.3/../../../../avr/lib/avr5/crtm328p.o
 .bss           0x0080016c        0x0 obj/clock.o
 .bss           0x0080016c        0x0 obj/digitalIO.o
 .bss           0x0080016c        0x0 obj/hardware.o
 .bss           0x0080016c       0xb4 obj/main.o
 .bss           0x00800220        0x0 obj/ports.o
 .bss           0x00800220        0x0 obj/power.o
 .bss           0x00800220        0x5 obj/system.o
 .bss           0x00800225       0xb1 obj/test.o
 .bss           0x008002d6        0x0 obj/timer0.o
 .bss           0x008002d6        0x6 obj/timer1.o
 .bss           0x008002dc       0x69 obj/uart.o
 .bss           0x00800345        0x0 obj/version.o
 .bss           0x00800345       0x60 obj/watchdog.o
 .bss           0x008003a5       0x5e obj/tasks.o
                0x008003a5                pxCurrentTCB
 .bss           0x00800403        0x0 obj/queue.o
 .bss           0x00800403        0x0 obj/list.o
 .bss           0x00800403        0x0 obj/port.o
 .bss           0x00800403        0x0 c:/winavr-20100110/bin/../lib/gcc/avr/4.3.3/avr5\libgcc.a(_udivmodsi4.o)
 .bss           0x00800403        0x0 c:/winavr-20100110/bin/../lib/gcc/avr/4.3.3/avr5\libgcc.a(_exit.o)
 .bss           0x00800403        0x0 c:/winavr-20100110/bin/../lib/gcc/avr/4.3.3/avr5\libgcc.a(_copy_data.o)
 .bss           0x00800403        0x0 c:/winavr-20100110/bin/../lib/gcc/avr/4.3.3/avr5\libgcc.a(_clear_bss.o)
 .bss           0x00800403        0x0 c:/winavr-20100110/bin/../lib/gcc/avr/4.3.3/../../../../avr/lib/avr5\libc.a(memcpy.o)
 .bss           0x00800403        0x0 c:/winavr-20100110/bin/../lib/gcc/avr/4.3.3/../../../../avr/lib/avr5\libc.a(memset.o)
 .bss           0x00800403        0x0 c:/winavr-20100110/bin/../lib/gcc/avr/4.3.3/../../../../avr/lib/avr5\libc.a(strncpy.o)
 .bss           0x00800403        0x0 c:/winavr-20100110/bin/../lib/gcc/avr/4.3.3/../../../../avr/lib/avr5\libc.a(itoa.o)
 .bss           0x00800403        0x0 c:/winavr-20100110/bin/../lib/gcc/avr/4.3.3/../../../../avr/lib/avr5\libc.a(strrev.o)
 .bss           0x00800403        0x0 c:/winavr-20100110/bin/../lib/gcc/avr/4.3.3/avr5\libgcc.a(_udivmodhi4.o)
 *(.bss*)
 *(COMMON)
                0x00800403                PROVIDE (__bss_end, .)
                0x0000470a                __data_load_start = LOADADDR (.data)
                0x00004776                __data_load_end = (__data_load_start + SIZEOF (.data))

.noinit         0x00800403        0x0
                0x00800403                PROVIDE (__noinit_start, .)
 *(.noinit*)
                0x00800403                PROVIDE (__noinit_end, .)
                0x00800403                _end = .
                0x00800403                PROVIDE (__heap_start, .)

.eeprom         0x00810000        0x0
 *(.eeprom*)
                0x00810000                __eeprom_end = .

.fuse
 *(.fuse)
 *(.lfuse)
 *(.hfuse)
 *(.efuse)

.lock
 *(.lock*)

.signature
 *(.signature*)

.stab
 *(.stab)

.stabstr
 *(.stabstr)

.stab.excl
 *(.stab.excl)

.stab.exclstr
 *(.stab.exclstr)

.stab.index
 *(.stab.index)

.stab.indexstr
 *(.stab.indexstr)

.comment
 *(.comment)

.debug
 *(.debug)

.line
 *(.line)

.debug_srcinfo
 *(.debug_srcinfo)

.debug_sfnames
 *(.debug_sfnames)

.debug_aranges  0x00000000      0x1e0
 *(.debug_aranges)
 .debug_aranges
                0x00000000       0x20 obj/clock.o
 .debug_aranges
                0x00000020       0x20 obj/digitalIO.o
 .debug_aranges
                0x00000040       0x20 obj/main.o
 .debug_aranges
                0x00000060       0x20 obj/ports.o
 .debug_aranges
                0x00000080       0x20 obj/power.o
 .debug_aranges
                0x000000a0       0x20 obj/system.o
 .debug_aranges
                0x000000c0       0x20 obj/test.o
 .debug_aranges
                0x000000e0       0x20 obj/timer0.o
 .debug_aranges
                0x00000100       0x20 obj/timer1.o
 .debug_aranges
                0x00000120       0x20 obj/uart.o
 .debug_aranges
                0x00000140       0x20 obj/watchdog.o
 .debug_aranges
                0x00000160       0x20 obj/tasks.o
 .debug_aranges
                0x00000180       0x20 obj/queue.o
 .debug_aranges
                0x000001a0       0x20 obj/list.o
 .debug_aranges
                0x000001c0       0x20 obj/port.o

.debug_pubnames
                0x00000000      0xaee
 *(.debug_pubnames)
 .debug_pubnames
                0x00000000       0x20 obj/clock.o
 .debug_pubnames
                0x00000020       0x56 obj/digitalIO.o
 .debug_pubnames
                0x00000076       0x1e obj/hardware.o
 .debug_pubnames
                0x00000094       0x9b obj/main.o
 .debug_pubnames
                0x0000012f       0x52 obj/ports.o
 .debug_pubnames
                0x00000181       0x20 obj/power.o
 .debug_pubnames
                0x000001a1       0x4a obj/system.o
 .debug_pubnames
                0x000001eb       0x43 obj/test.o
 .debug_pubnames
                0x0000022e       0x31 obj/timer0.o
 .debug_pubnames
                0x0000025f       0x99 obj/timer1.o
 .debug_pubnames
                0x000002f8       0x72 obj/uart.o
 .debug_pubnames
                0x0000036a       0x31 obj/version.o
 .debug_pubnames
                0x0000039b       0x74 obj/watchdog.o
 .debug_pubnames
                0x0000040f      0x40f obj/tasks.o
 .debug_pubnames
                0x0000081e      0x1b8 obj/queue.o
 .debug_pubnames
                0x000009d6       0x72 obj/list.o
 .debug_pubnames
                0x00000a48       0xa6 obj/port.o

.debug_info     0x00000000     0x4205
 *(.debug_info)
 .debug_info    0x00000000       0x76 obj/clock.o
 .debug_info    0x00000076      0x217 obj/digitalIO.o
 .debug_info    0x0000028d       0x8c obj/hardware.o
 .debug_info    0x00000319      0x348 obj/main.o
 .debug_info    0x00000661       0xb2 obj/ports.o
 .debug_info    0x00000713       0x76 obj/power.o
 .debug_info    0x00000789      0x185 obj/system.o
 .debug_info    0x0000090e      0x4c3 obj/test.o
 .debug_info    0x00000dd1      0x195 obj/timer0.o
 .debug_info    0x00000f66      0x1af obj/timer1.o
 .debug_info    0x00001115      0x58c obj/uart.o
 .debug_info    0x000016a1       0xbf obj/version.o
 .debug_info    0x00001760      0x31d obj/watchdog.o
 .debug_info    0x00001a7d     0x1463 obj/tasks.o
 .debug_info    0x00002ee0      0xed3 obj/queue.o
 .debug_info    0x00003db3      0x2a9 obj/list.o
 .debug_info    0x0000405c      0x1a9 obj/port.o
 *(.gnu.linkonce.wi.*)

.debug_abbrev   0x00000000      0xf06
 *(.debug_abbrev)
 .debug_abbrev  0x00000000       0x41 obj/clock.o
 .debug_abbrev  0x00000041       0x57 obj/digitalIO.o
 .debug_abbrev  0x00000098       0x5f obj/hardware.o
 .debug_abbrev  0x000000f7      0x100 obj/main.o
 .debug_abbrev  0x000001f7       0x41 obj/ports.o
 .debug_abbrev  0x00000238       0x41 obj/power.o
 .debug_abbrev  0x00000279       0xcb obj/system.o
 .debug_abbrev  0x00000344      0x16c obj/test.o
 .debug_abbrev  0x000004b0       0xc4 obj/timer0.o
 .debug_abbrev  0x00000574       0xbd obj/timer1.o
 .debug_abbrev  0x00000631      0x20b obj/uart.o
 .debug_abbrev  0x0000083c       0x6c obj/version.o
 .debug_abbrev  0x000008a8      0x139 obj/watchdog.o
 .debug_abbrev  0x000009e1      0x1c3 obj/tasks.o
 .debug_abbrev  0x00000ba4      0x1c0 obj/queue.o
 .debug_abbrev  0x00000d64       0xca obj/list.o
 .debug_abbrev  0x00000e2e       0xd8 obj/port.o

.debug_line     0x00000000     0x5105
 *(.debug_line)
 .debug_line    0x00000000      0x1ac obj/clock.o
 .debug_line    0x000001ac      0x271 obj/digitalIO.o
 .debug_line    0x0000041d      0x159 obj/hardware.o
 .debug_line    0x00000576      0x333 obj/main.o
 .debug_line    0x000008a9      0x23a obj/ports.o
 .debug_line    0x00000ae3      0x200 obj/power.o
 .debug_line    0x00000ce3      0x419 obj/system.o
 .debug_line    0x000010fc      0x530 obj/test.o
 .debug_line    0x0000162c      0x2e5 obj/timer0.o
 .debug_line    0x00001911      0x2da obj/timer1.o
 .debug_line    0x00001beb      0x5eb obj/uart.o
 .debug_line    0x000021d6      0x2c1 obj/version.o
 .debug_line    0x00002497      0x359 obj/watchdog.o
 .debug_line    0x000027f0     0x12af obj/tasks.o
 .debug_line    0x00003a9f      0xe34 obj/queue.o
 .debug_line    0x000048d3      0x3d2 obj/list.o
 .debug_line    0x00004ca5      0x460 obj/port.o

.debug_frame    0x00000000      0x910
 *(.debug_frame)
 .debug_frame   0x00000000       0x20 obj/clock.o
 .debug_frame   0x00000020       0x50 obj/digitalIO.o
 .debug_frame   0x00000070       0x60 obj/main.o
 .debug_frame   0x000000d0       0x50 obj/ports.o
 .debug_frame   0x00000120       0x20 obj/power.o
 .debug_frame   0x00000140       0x60 obj/system.o
 .debug_frame   0x000001a0       0x70 obj/test.o
 .debug_frame   0x00000210       0x30 obj/timer0.o
 .debug_frame   0x00000240       0x60 obj/timer1.o
 .debug_frame   0x000002a0       0x90 obj/uart.o
 .debug_frame   0x00000330       0x60 obj/watchdog.o
 .debug_frame   0x00000390      0x2f0 obj/tasks.o
 .debug_frame   0x00000680      0x1a0 obj/queue.o
 .debug_frame   0x00000820       0x60 obj/list.o
 .debug_frame   0x00000880       0x90 obj/port.o

.debug_str      0x00000000     0x1e8a
 *(.debug_str)
 .debug_str     0x00000000       0x91 obj/clock.o
                                 0xc5 (size before relaxing)
 .debug_str     0x00000091      0x254 obj/digitalIO.o
                                0x300 (size before relaxing)
 .debug_str     0x000002e5       0x1a obj/hardware.o
                                 0xc6 (size before relaxing)
 .debug_str     0x000002ff      0x24c obj/main.o
                                0x305 (size before relaxing)
 .debug_str     0x0000054b       0x3f obj/ports.o
                                 0xeb (size before relaxing)
 .debug_str     0x0000058a       0x19 obj/power.o
                                 0xc5 (size before relaxing)
 .debug_str     0x000005a3       0xcb obj/system.o
                                0x197 (size before relaxing)
 .debug_str     0x0000066e      0x23a obj/test.o
                                0x3d2 (size before relaxing)
 .debug_str     0x000008a8       0xe0 obj/timer0.o
                                0x1da (size before relaxing)
 .debug_str     0x00000988       0xca obj/timer1.o
                                0x1ab (size before relaxing)
 .debug_str     0x00000a52      0x1d9 obj/uart.o
                                0x3ea (size before relaxing)
 .debug_str     0x00000c2b       0x11 obj/version.o
                                 0xf7 (size before relaxing)
 .debug_str     0x00000c3c      0x111 obj/watchdog.o
                                0x2ad (size before relaxing)
 .debug_str     0x00000d4d      0xae1 obj/tasks.o
                                0xd48 (size before relaxing)
 .debug_str     0x0000182e      0x4f6 obj/queue.o
                                0x772 (size before relaxing)
 .debug_str     0x00001d24       0xae obj/list.o
                                0x218 (size before relaxing)
 .debug_str     0x00001dd2       0xb8 obj/port.o
                                0x1c5 (size before relaxing)

.debug_loc
 *(.debug_loc)

.debug_macinfo  0x00000000    0x8ccc9
 *(.debug_macinfo)
 .debug_macinfo
                0x00000000     0x5ab4 obj/clock.o
 .debug_macinfo
                0x00005ab4     0x5e43 obj/digitalIO.o
 .debug_macinfo
                0x0000b8f7     0x2796 obj/hardware.o
 .debug_macinfo
                0x0000e08d     0x9f6c obj/main.o
 .debug_macinfo
                0x00017ff9     0x57c4 obj/ports.o
 .debug_macinfo
                0x0001d7bd     0x58f1 obj/power.o
 .debug_macinfo
                0x000230ae     0xa0e5 obj/system.o
 .debug_macinfo
                0x0002d193     0xaecb obj/test.o
 .debug_macinfo
                0x0003805e     0x5ada obj/timer0.o
 .debug_macinfo
                0x0003db38     0x5aae obj/timer1.o
 .debug_macinfo
                0x000435e6     0xa7a7 obj/uart.o
 .debug_macinfo
                0x0004dd8d     0xad9c obj/version.o
 .debug_macinfo
                0x00058b29     0xa721 obj/watchdog.o
 .debug_macinfo
                0x0006324a     0xb359 obj/tasks.o
 .debug_macinfo
                0x0006e5a3     0xad5d obj/queue.o
 .debug_macinfo
                0x00079300     0x8ec0 obj/list.o
 .debug_macinfo
                0x000821c0     0xab09 obj/port.o
OUTPUT(AvrRTOSDemo.elf elf32-avr)
LOAD linker stubs

Cross Reference Table

Symbol                                            File
__bad_interrupt                                   c:/winavr-20100110/bin/../lib/gcc/avr/4.3.3/../../../../avr/lib/avr5/crtm328p.o
__bss_end                                         c:/winavr-20100110/bin/../lib/gcc/avr/4.3.3/avr5\libgcc.a(_clear_bss.o)
__bss_start                                       c:/winavr-20100110/bin/../lib/gcc/avr/4.3.3/avr5\libgcc.a(_clear_bss.o)
__data_end                                        c:/winavr-20100110/bin/../lib/gcc/avr/4.3.3/avr5\libgcc.a(_copy_data.o)
__data_load_start                                 c:/winavr-20100110/bin/../lib/gcc/avr/4.3.3/avr5\libgcc.a(_copy_data.o)
__data_start                                      c:/winavr-20100110/bin/../lib/gcc/avr/4.3.3/avr5\libgcc.a(_copy_data.o)
__do_clear_bss                                    c:/winavr-20100110/bin/../lib/gcc/avr/4.3.3/avr5\libgcc.a(_clear_bss.o)
                                                  obj/tasks.o
                                                  obj/watchdog.o
                                                  obj/uart.o
                                                  obj/timer1.o
                                                  obj/test.o
                                                  obj/system.o
                                                  obj/main.o
__do_copy_data                                    c:/winavr-20100110/bin/../lib/gcc/avr/4.3.3/avr5\libgcc.a(_copy_data.o)
                                                  obj/tasks.o
                                                  obj/watchdog.o
                                                  obj/uart.o
                                                  obj/timer0.o
                                                  obj/test.o
                                                  obj/hardware.o
__heap_end                                        c:/winavr-20100110/bin/../lib/gcc/avr/4.3.3/../../../../avr/lib/avr5/crtm328p.o
__init                                            c:/winavr-20100110/bin/../lib/gcc/avr/4.3.3/../../../../avr/lib/avr5/crtm328p.o
__stack                                           c:/winavr-20100110/bin/../lib/gcc/avr/4.3.3/../../../../avr/lib/avr5/crtm328p.o
__udivmodhi4                                      c:/winavr-20100110/bin/../lib/gcc/avr/4.3.3/avr5\libgcc.a(_udivmodhi4.o)
                                                  c:/winavr-20100110/bin/../lib/gcc/avr/4.3.3/../../../../avr/lib/avr5\libc.a(itoa.o)
__udivmodsi4                                      c:/winavr-20100110/bin/../lib/gcc/avr/4.3.3/avr5\libgcc.a(_udivmodsi4.o)
                                                  obj/timer0.o
__vector_1                                        c:/winavr-20100110/bin/../lib/gcc/avr/4.3.3/../../../../avr/lib/avr5/crtm328p.o
__vector_10                                       c:/winavr-20100110/bin/../lib/gcc/avr/4.3.3/../../../../avr/lib/avr5/crtm328p.o
__vector_11                                       c:/winavr-20100110/bin/../lib/gcc/avr/4.3.3/../../../../avr/lib/avr5/crtm328p.o
__vector_12                                       c:/winavr-20100110/bin/../lib/gcc/avr/4.3.3/../../../../avr/lib/avr5/crtm328p.o
__vector_13                                       c:/winavr-20100110/bin/../lib/gcc/avr/4.3.3/../../../../avr/lib/avr5/crtm328p.o
__vector_14                                       obj/port.o
                                                  c:/winavr-20100110/bin/../lib/gcc/avr/4.3.3/../../../../avr/lib/avr5/crtm328p.o
__vector_15                                       c:/winavr-20100110/bin/../lib/gcc/avr/4.3.3/../../../../avr/lib/avr5/crtm328p.o
__vector_16                                       c:/winavr-20100110/bin/../lib/gcc/avr/4.3.3/../../../../avr/lib/avr5/crtm328p.o
__vector_17                                       c:/winavr-20100110/bin/../lib/gcc/avr/4.3.3/../../../../avr/lib/avr5/crtm328p.o
__vector_18                                       obj/uart.o
                                                  c:/winavr-20100110/bin/../lib/gcc/avr/4.3.3/../../../../avr/lib/avr5/crtm328p.o
__vector_19                                       c:/winavr-20100110/bin/../lib/gcc/avr/4.3.3/../../../../avr/lib/avr5/crtm328p.o
__vector_2                                        c:/winavr-20100110/bin/../lib/gcc/avr/4.3.3/../../../../avr/lib/avr5/crtm328p.o
__vector_20                                       c:/winavr-20100110/bin/../lib/gcc/avr/4.3.3/../../../../avr/lib/avr5/crtm328p.o
__vector_21                                       c:/winavr-20100110/bin/../lib/gcc/avr/4.3.3/../../../../avr/lib/avr5/crtm328p.o
__vector_22                                       c:/winavr-20100110/bin/../lib/gcc/avr/4.3.3/../../../../avr/lib/avr5/crtm328p.o
__vector_23                                       c:/winavr-20100110/bin/../lib/gcc/avr/4.3.3/../../../../avr/lib/avr5/crtm328p.o
__vector_24                                       c:/winavr-20100110/bin/../lib/gcc/avr/4.3.3/../../../../avr/lib/avr5/crtm328p.o
__vector_25                                       c:/winavr-20100110/bin/../lib/gcc/avr/4.3.3/../../../../avr/lib/avr5/crtm328p.o
__vector_3                                        c:/winavr-20100110/bin/../lib/gcc/avr/4.3.3/../../../../avr/lib/avr5/crtm328p.o
__vector_4                                        c:/winavr-20100110/bin/../lib/gcc/avr/4.3.3/../../../../avr/lib/avr5/crtm328p.o
__vector_5                                        c:/winavr-20100110/bin/../lib/gcc/avr/4.3.3/../../../../avr/lib/avr5/crtm328p.o
__vector_6                                        obj/watchdog.o
                                                  c:/winavr-20100110/bin/../lib/gcc/avr/4.3.3/../../../../avr/lib/avr5/crtm328p.o
__vector_7                                        c:/winavr-20100110/bin/../lib/gcc/avr/4.3.3/../../../../avr/lib/avr5/crtm328p.o
__vector_8                                        c:/winavr-20100110/bin/../lib/gcc/avr/4.3.3/../../../../avr/lib/avr5/crtm328p.o
__vector_9                                        c:/winavr-20100110/bin/../lib/gcc/avr/4.3.3/../../../../avr/lib/avr5/crtm328p.o
__vector_default                                  obj/system.o
                                                  c:/winavr-20100110/bin/../lib/gcc/avr/4.3.3/../../../../avr/lib/avr5/crtm328p.o
__vectors                                         c:/winavr-20100110/bin/../lib/gcc/avr/4.3.3/../../../../avr/lib/avr5/crtm328p.o
                                                  obj/system.o
_exit                                             c:/winavr-20100110/bin/../lib/gcc/avr/4.3.3/avr5\libgcc.a(_exit.o)
clockInit                                         obj/clock.o
                                                  obj/system.o
digitalIOInit                                     obj/digitalIO.o
                                                  obj/system.o
dioClearLED0                                      obj/digitalIO.o
                                                  obj/test.o
dioSetLED0                                        obj/digitalIO.o
                                                  obj/test.o
dioToggleLED0                                     obj/digitalIO.o
exit                                              c:/winavr-20100110/bin/../lib/gcc/avr/4.3.3/avr5\libgcc.a(_exit.o)
                                                  c:/winavr-20100110/bin/../lib/gcc/avr/4.3.3/../../../../avr/lib/avr5/crtm328p.o
itoa                                              c:/winavr-20100110/bin/../lib/gcc/avr/4.3.3/../../../../avr/lib/avr5\libc.a(itoa.o)
                                                  obj/test.o
main                                              obj/main.o
                                                  c:/winavr-20100110/bin/../lib/gcc/avr/4.3.3/../../../../avr/lib/avr5/crtm328p.o
memcpy                                            c:/winavr-20100110/bin/../lib/gcc/avr/4.3.3/../../../../avr/lib/avr5\libc.a(memcpy.o)
                                                  obj/queue.o
                                                  obj/test.o
memset                                            c:/winavr-20100110/bin/../lib/gcc/avr/4.3.3/../../../../avr/lib/avr5\libc.a(memset.o)
                                                  obj/tasks.o
pcTaskGetName                                     obj/tasks.o
pinport                                           obj/hardware.o
portClearPB1                                      obj/ports.o
portSetPB1                                        obj/ports.o
portTogglePB1                                     obj/ports.o
portsInit                                         obj/ports.o
                                                  obj/digitalIO.o
powerInit                                         obj/power.o
pvTaskIncrementMutexHeldCount                     obj/tasks.o
                                                  obj/queue.o
pxCurrentTCB                                      obj/tasks.o
                                                  obj/port.o
pxPortInitialiseStack                             obj/port.o
                                                  obj/tasks.o
strncpy                                           c:/winavr-20100110/bin/../lib/gcc/avr/4.3.3/../../../../avr/lib/avr5\libc.a(strncpy.o)
                                                  obj/test.o
strrev                                            c:/winavr-20100110/bin/../lib/gcc/avr/4.3.3/../../../../avr/lib/avr5\libc.a(strrev.o)
                                                  c:/winavr-20100110/bin/../lib/gcc/avr/4.3.3/../../../../avr/lib/avr5\libc.a(itoa.o)
systemExecution                                   obj/system.o
systemInit                                        obj/system.o
                                                  obj/main.o
testInit                                          obj/test.o
                                                  obj/system.o
testOsTask                                        obj/test.o
testPeriodicTask                                  obj/test.o
timer0Init                                        obj/timer0.o
                                                  obj/port.o
timer0SetHz                                       obj/timer0.o
timer1Init                                        obj/timer1.o
                                                  obj/system.o
timer1MeasureTime2Elapsed                         obj/timer1.o
timer1MeasureTime2Elapsed_uS                      obj/timer1.o
                                                  obj/test.o
timer1MeasureTime2Start                           obj/timer1.o
                                                  obj/test.o
timer1MeasureTimeElapsed                          obj/timer1.o
                                                  obj/test.o
uartInit                                          obj/uart.o
                                                  obj/system.o
uartOsTask                                        obj/uart.o
uartPeriodicTask                                  obj/uart.o
uartRxRead                                        obj/uart.o
                                                  obj/test.o
uartTxWrite                                       obj/uart.o
                                                  obj/test.o
ulTaskGenericNotifyTake                           obj/tasks.o
ulTaskGenericNotifyValueClear                     obj/tasks.o
uxListRemove                                      obj/list.o
                                                  obj/tasks.o
uxQueueMessagesWaiting                            obj/queue.o
uxQueueMessagesWaitingFromISR                     obj/queue.o
uxQueueSpacesAvailable                            obj/queue.o
uxTaskGetNumberOfTasks                            obj/tasks.o
uxTaskGetStackHighWaterMark                       obj/tasks.o
                                                  obj/watchdog.o
                                                  obj/uart.o
                                                  obj/test.o
uxTaskResetEventItemValue                         obj/tasks.o
uxTopUsedPriority                                 obj/tasks.o
vApplicationGetIdleTaskMemory                     obj/main.o
                                                  obj/tasks.o
vApplicationGetTimerTaskMemory                    obj/main.o
vApplicationIdleHook                              obj/main.o
                                                  obj/tasks.o
vApplicationStackOverflowHook                     obj/main.o
                                                  obj/tasks.o
vListInitialise                                   obj/list.o
                                                  obj/queue.o
                                                  obj/tasks.o
vListInitialiseItem                               obj/list.o
                                                  obj/tasks.o
vListInsert                                       obj/list.o
                                                  obj/tasks.o
vListInsertEnd                                    obj/list.o
                                                  obj/tasks.o
vPortEndScheduler                                 obj/port.o
                                                  obj/tasks.o
vPortYield                                        obj/port.o
                                                  obj/queue.o
                                                  obj/tasks.o
vPortYieldFromISR                                 obj/port.o
vPortYieldFromTick                                obj/port.o
vQueueDelete                                      obj/queue.o
vTaskDelay                                        obj/tasks.o
                                                  obj/watchdog.o
                                                  obj/uart.o
                                                  obj/test.o
vTaskDelete                                       obj/tasks.o
vTaskEndScheduler                                 obj/tasks.o
vTaskGenericNotifyGiveFromISR                     obj/tasks.o
vTaskInternalSetTimeOutState                      obj/tasks.o
                                                  obj/queue.o
vTaskMissedYield                                  obj/tasks.o
                                                  obj/queue.o
vTaskPlaceOnEventList                             obj/tasks.o
                                                  obj/queue.o
vTaskPlaceOnUnorderedEventList                    obj/tasks.o
vTaskPriorityDisinheritAfterTimeout               obj/tasks.o
                                                  obj/queue.o
vTaskRemoveFromUnorderedEventList                 obj/tasks.o
vTaskSetTimeOutState                              obj/tasks.o
vTaskStartScheduler                               obj/tasks.o
                                                  obj/main.o
vTaskSuspendAll                                   obj/tasks.o
                                                  obj/queue.o
vTaskSwitchContext                                obj/tasks.o
                                                  obj/port.o
versionAPP                                        obj/version.o
                                                  obj/test.o
versionRTOS                                       obj/version.o
                                                  obj/test.o
watchdogInit                                      obj/watchdog.o
                                                  obj/system.o
watchdogOsTask                                    obj/watchdog.o
watchdogPeriodicTask                              obj/watchdog.o
watchdogStatusGet                                 obj/watchdog.o
xPortStartScheduler                               obj/port.o
                                                  obj/tasks.o
xQueueCreateMutexStatic                           obj/queue.o
xQueueGenericCreateStatic                         obj/queue.o
xQueueGenericReset                                obj/queue.o
xQueueGenericSend                                 obj/queue.o
xQueueGenericSendFromISR                          obj/queue.o
xQueueGiveFromISR                                 obj/queue.o
xQueueIsQueueEmptyFromISR                         obj/queue.o
xQueueIsQueueFullFromISR                          obj/queue.o
xQueuePeek                                        obj/queue.o
xQueuePeekFromISR                                 obj/queue.o
xQueueReceive                                     obj/queue.o
xQueueReceiveFromISR                              obj/queue.o
xQueueSemaphoreTake                               obj/queue.o
xTaskCatchUpTicks                                 obj/tasks.o
xTaskCheckForTimeOut                              obj/tasks.o
                                                  obj/queue.o
xTaskCreateStatic                                 obj/tasks.o
                                                  obj/watchdog.o
                                                  obj/uart.o
                                                  obj/test.o
xTaskDelayUntil                                   obj/tasks.o
xTaskGenericNotify                                obj/tasks.o
xTaskGenericNotifyFromISR                         obj/tasks.o
xTaskGenericNotifyStateClear                      obj/tasks.o
xTaskGenericNotifyWait                            obj/tasks.o
xTaskGetCurrentTaskHandle                         obj/tasks.o
xTaskGetTickCount                                 obj/tasks.o
xTaskGetTickCountFromISR                          obj/tasks.o
xTaskIncrementTick                                obj/tasks.o
                                                  obj/port.o
xTaskPriorityDisinherit                           obj/tasks.o
                                                  obj/queue.o
xTaskPriorityInherit                              obj/tasks.o
                                                  obj/queue.o
xTaskRemoveFromEventList                          obj/tasks.o
                                                  obj/queue.o
xTaskResumeAll                                    obj/tasks.o
                                                  obj/queue.o
